$ C:\Users\gurra\NeuroSem\.venv\Scripts\python.exe -m mypy src

src\neuraxis\validation\convergence.py:159: error: Argument "key" to "max" has incompatible type overloaded function; expected "Callable[[str], SupportsDunderLT[Any] | SupportsDunderGT[Any]]"  [arg-type]
src\neuraxis\validation\convergence.py:178: error: Item "None" of "Any | None" has no attribute "value"  [union-attr]
src\neuraxis\validation\convergence.py:180: error: Item "None" of "Any | None" has no attribute "value"  [union-attr]
src\neurosem\__init__.py:45: error: Name "__path__" already defined (possibly by an import)  [no-redef]
src\neuraxis\provenance.py:73: error: Incompatible return value type (got "tuple[str | None, bool]", expected "tuple[str, bool]")  [return-value]
src\neuraxis\config.py:10: error: Library stubs not installed for "yaml"  [import-untyped]
src\neuraxis\analysis\metrics.py:21: error: Library stubs not installed for "pandas"  [import-untyped]
src\neuraxis\analysis\metrics.py:22: error: Library stubs not installed for "scipy"  [import-untyped]
src\neuraxis\transforms\formatting.py:33: error: Library stubs not installed for "lxml"  [import-untyped]
src\neuraxis\transforms\formatting.py:520: error: Item "None" of "Match[str] | None" has no attribute "end"  [union-attr]
src\neuraxis\transforms\formatting.py:532: error: Item "None" of "Match[str] | None" has no attribute "end"  [union-attr]
src\neuraxis\mutations\base.py:32: error: Library stubs not installed for "lxml"  [import-untyped]
src\neuraxis\mutations\base.py:640: error: Item "None" of "Match[str] | None" has no attribute "group"  [union-attr]
src\neuraxis\mutations\base.py:641: error: Need type annotation for "allowed"  [var-annotated]
src\neuraxis\simulators\jneuroml.py:25: error: Library stubs not installed for "pandas"  [import-untyped]
src\neuraxis\simulators\jneuroml.py:58: error: Skipping analyzing "pyneuroml.utils.misc": module is installed, but missing library stubs or py.typed marker  [import-untyped]
src\neuraxis\simulators\jneuroml.py:127: error: Assignment to variable "exc" outside except: block  [misc]
src\neuraxis\simulators\jneuroml.py:131: error: Trying to read deleted variable "exc"  [misc]
src\neuraxis\selection\splits.py:410: error: Item "None" of "str | None" has no attribute "strip"  [union-attr]
src\neuraxis\features\regimes.py:50: error: Unsupported operand types for >= ("float" and "object")  [operator]
src\neuraxis\features\regimes.py:50: error: Unsupported operand types for < ("float" and "object")  [operator]
src\neuraxis\features\efel_adapter.py:30: error: Skipping analyzing "efel": module is installed, but missing library stubs or py.typed marker  [import-untyped]
src\neuraxis\features\efel_adapter.py:337: error: List item 0 has incompatible type "str | None"; expected "str"  [list-item]
src\neuraxis\features\efel_adapter.py:337: error: Invalid index type "str | None" for "dict[str, Any]"; expected type "str"  [index]
src\neuraxis\features\efel_adapter.py:351: error: Unsupported operand types for < ("str" and "int")  [operator]
src\neuraxis\features\efel_adapter.py:351: note: Left operand is of type "float | str"
src\neuraxis\features\efel_adapter.py:356: error: Generator has incompatible item type "str | None"; expected "str"  [misc]
src\neuraxis\features\efel_adapter.py:358: error: Invalid index type "str | None" for "dict[str, Any]"; expected type "str"  [index]
src\neuraxis\analysis\bootstrap.py:31: error: Library stubs not installed for "scipy"  [import-untyped]
src\neuraxis\analysis\bootstrap.py:31: note: Hint: "python3 -m pip install scipy-stubs"
src\neuraxis\analysis\bootstrap.py:31: note: (or run "mypy --install-types" to install all missing stub packages)
src\neuraxis\analysis\bootstrap.py:31: note: See https://mypy.readthedocs.io/en/stable/running_mypy.html#missing-imports
src\neuraxis\mutations\stimulus.py:87: error: "object" has no attribute "get"  [attr-defined]
src\neuraxis\mutations\stimulus.py:89: error: "object" has no attribute "get"  [attr-defined]
src\neuraxis\mutations\stimulus.py:93: error: "object" has no attribute "get"  [attr-defined]
src\neuraxis\mutations\stimulus.py:121: error: "object" has no attribute "get"  [attr-defined]
src\neuraxis\mutations\stimulus.py:129: error: "object" has no attribute "get"  [attr-defined]
src\neuraxis\mutations\stimulus.py:148: error: "object" has no attribute "get"  [attr-defined]
src\neuraxis\mutations\stimulus.py:153: error: "object" has no attribute "get"  [attr-defined]
src\neuraxis\mutations\biophysics.py:16: error: Library stubs not installed for "lxml"  [import-untyped]
src\neuraxis\transforms\units.py:30: error: Library stubs not installed for "lxml"  [import-untyped]
src\neuraxis\transforms\units.py:312: error: Unsupported operand types for >= ("Literal['n']" and "int")  [operator]
src\neuraxis\transforms\units.py:312: error: Unsupported operand types for >= ("Literal['N']" and "int")  [operator]
src\neuraxis\transforms\units.py:312: error: Unsupported operand types for >= ("Literal['F']" and "int")  [operator]
src\neuraxis\transforms\units.py:312: note: Left operand is of type "Literal['n', 'N', 'F'] | int"
src\neuraxis\transforms\units.py:313: error: Unsupported operand types for * ("str" and "Literal['n']")  [operator]
src\neuraxis\transforms\units.py:313: error: Unsupported operand types for * ("str" and "Literal['N']")  [operator]
src\neuraxis\transforms\units.py:313: error: Unsupported operand types for * ("str" and "Literal['F']")  [operator]
src\neuraxis\transforms\units.py:313: note: Right operand is of type "Literal['n', 'N', 'F'] | int"
src\neuraxis\transforms\units.py:314: error: Unsupported operand types for + ("int" and "Literal['n']")  [operator]
src\neuraxis\transforms\units.py:314: error: Unsupported operand types for + ("int" and "Literal['N']")  [operator]
src\neuraxis\transforms\units.py:314: error: Unsupported operand types for + ("int" and "Literal['F']")  [operator]
src\neuraxis\transforms\units.py:314: note: Right operand is of type "Literal['n', 'N', 'F'] | int"
src\neuraxis\transforms\units.py:341: error: Item "None" of "Literal | None" has no attribute "number"  [union-attr]
src\neuraxis\transforms\units.py:414: error: Argument 5 to "_set_one" has incompatible type "str | None"; expected "str"  [arg-type]
src\neuraxis\transforms\units.py:466: error: Item "None" of "Literal | None" has no attribute "number"  [union-attr]
src\neuraxis\protocols\rheobase.py:102: error: Incompatible types in assignment (expression has type "ndarray[tuple[int], dtype[Any]]", variable has type "Sequence[int] | None")  [assignment]
src\neuraxis\protocols\rheobase.py:103: error: "Sequence[int]" has no attribute "tolist"  [attr-defined]
src\neuraxis\protocols\rheobase.py:104: error: Incompatible return value type (got "Sequence[int]", expected "ndarray[tuple[Any, ...], dtype[Any]] | None")  [return-value]
src\neuraxis\analysis\figures.py:27: error: Library stubs not installed for "pandas"  [import-untyped]
src\neuraxis\analysis\figures.py:27: note: Hint: "python3 -m pip install pandas-stubs"
src\neuraxis\analysis\figures.py:126: error: Argument 1 to "rc_context" has incompatible type "dict[str, object]"; expected "dict[Literal['agg.path.chunksize', 'animation.bitrate', 'animation.codec', 'animation.convert_args', 'animation.convert_path', 'animation.embed_limit', 'animation.ffmpeg_args', 'animation.ffmpeg_path', 'animation.frame_format', 'animation.html', 'animation.writer', 'axes.autolimit_mode', 'axes.axisbelow', 'axes.edgecolor', 'axes.facecolor', 'axes.formatter.limits', 'axes.formatter.min_exponent', 'axes.formatter.offset_threshold', 'axes.formatter.use_locale', 'axes.formatter.use_mathtext', 'axes.formatter.useoffset', 'axes.grid', 'axes.grid.axis', 'axes.grid.which', 'axes.labelcolor', 'axes.labelpad', 'axes.labelsize', 'axes.labelweight', 'axes.linewidth', 'axes.prop_cycle', 'axes.spines.bottom', 'axes.spines.left', 'axes.spines.right', 'axes.spines.top', 'axes.titlecolor', 'axes.titlelocation', 'axes.titlepad', 'axes.titlesize', 'axes.titleweight', 'axes.titley', 'axes.unicode_minus', 'axes.xmargin', 'axes.ymargin', 'axes.zmargin', 'axes3d.automargin', 'axes3d.depthshade', 'axes3d.depthshade_minalpha', 'axes3d.grid', 'axes3d.mouserotationstyle', 'axes3d.trackballborder', 'axes3d.snap_rotation', 'axes3d.trackballsize', 'axes3d.xaxis.panecolor', 'axes3d.yaxis.panecolor', 'axes3d.zaxis.panecolor', 'backend', 'backend_fallback', 'boxplot.bootstrap', 'boxplot.boxprops.color', 'boxplot.boxprops.linestyle', 'boxplot.boxprops.linewidth', 'boxplot.capprops.color', 'boxplot.capprops.linestyle', 'boxplot.capprops.linewidth', 'boxplot.flierprops.color', 'boxplot.flierprops.linestyle', 'boxplot.flierprops.linewidth', 'boxplot.flierprops.marker', 'boxplot.flierprops.markeredgecolor', 'boxplot.flierprops.markeredgewidth', 'boxplot.flierprops.markerfacecolor', 'boxplot.flierprops.markersize', 'boxplot.meanline', 'boxplot.meanprops.color', 'boxplot.meanprops.linestyle', 'boxplot.meanprops.linewidth', 'boxplot.meanprops.marker', 'boxplot.meanprops.markeredgecolor', 'boxplot.meanprops.markerfacecolor', 'boxplot.meanprops.markersize', 'boxplot.medianprops.color', 'boxplot.medianprops.linestyle', 'boxplot.medianprops.linewidth', 'boxplot.notch', 'boxplot.patchartist', 'boxplot.showbox', 'boxplot.showcaps', 'boxplot.showfliers', 'boxplot.showmeans', 'boxplot.vertical', 'boxplot.whiskerprops.color', 'boxplot.whiskerprops.linestyle', 'boxplot.whiskerprops.linewidth', 'boxplot.whiskers', 'contour.algorithm', 'contour.corner_mask', 'contour.linewidth', 'contour.negative_linestyle', 'date.autoformatter.day', 'date.autoformatter.hour', 'date.autoformatter.microsecond', 'date.autoformatter.minute', 'date.autoformatter.month', 'date.autoformatter.second', 'date.autoformatter.year', 'date.converter', 'date.epoch', 'date.interval_multiples', 'docstring.hardcopy', 'errorbar.capsize', 'errorbar.capthick', 'errorbar.elinewidth', 'figure.autolayout', 'figure.constrained_layout.h_pad', 'figure.constrained_layout.hspace', 'figure.constrained_layout.use', 'figure.constrained_layout.w_pad', 'figure.constrained_layout.wspace', 'figure.dpi', 'figure.edgecolor', 'figure.facecolor', 'figure.figsize', 'figure.frameon', 'figure.hooks', 'figure.labelsize', 'figure.labelweight', 'figure.max_open_warning', 'figure.raise_window', 'figure.subplot.bottom', 'figure.subplot.hspace', 'figure.subplot.left', 'figure.subplot.right', 'figure.subplot.top', 'figure.subplot.wspace', 'figure.titlesize', 'figure.titleweight', 'font.cursive', 'font.enable_last_resort', 'font.family', 'font.fantasy', 'font.monospace', 'font.sans-serif', 'font.serif', 'font.size', 'font.stretch', 'font.style', 'font.variant', 'font.weight', 'grid.alpha', 'grid.color', 'grid.linestyle', 'grid.linewidth', 'grid.major.alpha', 'grid.major.color', 'grid.major.linestyle', 'grid.major.linewidth', 'grid.minor.alpha', 'grid.minor.color', 'grid.minor.linestyle', 'grid.minor.linewidth', 'hatch.color', 'hatch.linewidth', 'hist.bins', 'image.aspect', 'image.cmap', 'image.composite_image', 'image.interpolation', 'image.interpolation_stage', 'image.lut', 'image.origin', 'image.resample', 'interactive', 'keymap.back', 'keymap.copy', 'keymap.forward', 'keymap.fullscreen', 'keymap.grid', 'keymap.grid_minor', 'keymap.help', 'keymap.home', 'keymap.pan', 'keymap.quit', 'keymap.quit_all', 'keymap.save', 'keymap.xscale', 'keymap.yscale', 'keymap.zoom', 'legend.borderaxespad', 'legend.borderpad', 'legend.columnspacing', 'legend.edgecolor', 'legend.facecolor', 'legend.fancybox', 'legend.fontsize', 'legend.framealpha', 'legend.frameon', 'legend.handleheight', 'legend.handlelength', 'legend.handletextpad', 'legend.labelcolor', 'legend.labelspacing', 'legend.linewidth', 'legend.loc', 'legend.markerscale', 'legend.numpoints', 'legend.scatterpoints', 'legend.shadow', 'legend.title_fontsize', 'lines.antialiased', 'lines.color', 'lines.dash_capstyle', 'lines.dash_joinstyle', 'lines.dashdot_pattern', 'lines.dashed_pattern', 'lines.dotted_pattern', 'lines.linestyle', 'lines.linewidth', 'lines.marker', 'lines.markeredgecolor', 'lines.markeredgewidth', 'lines.markerfacecolor', 'lines.markersize', 'lines.scale_dashes', 'lines.solid_capstyle', 'lines.solid_joinstyle', 'macosx.window_mode', 'markers.fillstyle', 'mathtext.bf', 'mathtext.bfit', 'mathtext.cal', 'mathtext.default', 'mathtext.fallback', 'mathtext.fontset', 'mathtext.it', 'mathtext.rm', 'mathtext.sf', 'mathtext.tt', 'patch.antialiased', 'patch.edgecolor', 'patch.facecolor', 'patch.force_edgecolor', 'patch.linewidth', 'path.effects', 'path.simplify', 'path.simplify_threshold', 'path.sketch', 'path.snap', 'pcolor.shading', 'pcolormesh.snap', 'pdf.compression', 'pdf.fonttype', 'pdf.inheritcolor', 'pdf.use14corefonts', 'pgf.preamble', 'pgf.rcfonts', 'pgf.texsystem', 'polaraxes.grid', 'ps.distiller.res', 'ps.fonttype', 'ps.papersize', 'ps.useafm', 'ps.usedistiller', 'savefig.bbox', 'savefig.directory', 'savefig.dpi', 'savefig.edgecolor', 'savefig.facecolor', 'savefig.format', 'savefig.orientation', 'savefig.pad_inches', 'savefig.transparent', 'scatter.edgecolors', 'scatter.marker', 'svg.fonttype', 'svg.hashsalt', 'svg.id', 'svg.image_inline', 'text.antialiased', 'text.color', 'text.hinting', 'text.hinting_factor', 'text.kerning_factor', 'text.language', 'text.latex.engine', 'text.latex.preamble', 'text.parse_math', 'text.usetex', 'timezone', 'tk.window_focus', 'toolbar', 'webagg.address', 'webagg.open_in_browser', 'webagg.port', 'webagg.port_retries', 'xaxis.labellocation', 'xtick.alignment', 'xtick.bottom', 'xtick.color', 'xtick.direction', 'xtick.labelbottom', 'xtick.labelcolor', 'xtick.labelsize', 'xtick.labeltop', 'xtick.major.bottom', 'xtick.major.pad', 'xtick.major.size', 'xtick.major.top', 'xtick.major.width', 'xtick.minor.bottom', 'xtick.minor.ndivs', 'xtick.minor.pad', 'xtick.minor.size', 'xtick.minor.top', 'xtick.minor.visible', 'xtick.minor.width', 'xtick.top', 'yaxis.labellocation', 'ytick.alignment', 'ytick.color', 'ytick.direction', 'ytick.labelcolor', 'ytick.labelleft', 'ytick.labelright', 'ytick.labelsize', 'ytick.left', 'ytick.major.left', 'ytick.major.pad', 'ytick.major.right', 'ytick.major.size', 'ytick.major.width', 'ytick.minor.left', 'ytick.minor.ndivs', 'ytick.minor.pad', 'ytick.minor.right', 'ytick.minor.size', 'ytick.minor.visible', 'ytick.minor.width', 'ytick.right'], Any] | None"  [arg-type]
src\neuraxis\analysis\figures.py:189: error: Argument 3 to "Line2D" has incompatible type "**dict[str, object]"; expected "float | None"  [arg-type]
src\neuraxis\analysis\figures.py:189: error: Argument 3 to "Line2D" has incompatible type "**dict[str, object]"; expected "Literal['-', 'solid', '--', 'dashed', '-.', 'dashdot', ':', 'dotted', '', 'none', ' ', 'None'] | tuple[float, Sequence[float]] | None"  [arg-type]
src\neuraxis\analysis\figures.py:189: error: Argument 3 to "Line2D" has incompatible type "**dict[str, object]"; expected "tuple[float, float, float] | str | str | tuple[float, float, float, float] | tuple[tuple[float, float, float] | str, float] | tuple[tuple[float, float, float, float], float] | None"  [arg-type]
src\neuraxis\analysis\figures.py:189: error: Argument 3 to "Line2D" has incompatible type "**dict[str, object]"; expected "Literal['.', ',', 'o', 'v', '^', '<', '>', '1', '2', '3', '4', '8', 's', 'p', 'P', '*', 'h', 'H', '+', 'x', 'X', 'D', 'd', '|', '_', 'none', ' ', 0, 1, 2, 3, 4, 5, 6, 7, 8, 9, 10, 11] | Path | MarkerStyle | str | list[tuple[int, int]] | tuple[int, Literal[0, 1, 2], int] | None"  [arg-type]
src\neuraxis\analysis\figures.py:189: error: Argument 3 to "Line2D" has incompatible type "**dict[str, object]"; expected "tuple[float, float, float] | str | str | tuple[float, float, float, float] | tuple[tuple[float, float, float] | str, float] | tuple[tuple[float, float, float, float], float]"  [arg-type]
src\neuraxis\analysis\figures.py:189: error: Argument 3 to "Line2D" has incompatible type "**dict[str, object]"; expected "Literal['full', 'left', 'right', 'bottom', 'top', 'none'] | None"  [arg-type]
src\neuraxis\analysis\figures.py:189: error: Argument 3 to "Line2D" has incompatible type "**dict[str, object]"; expected "bool | None"  [arg-type]
src\neuraxis\analysis\figures.py:189: error: Argument 3 to "Line2D" has incompatible type "**dict[str, object]"; expected "Literal['butt', 'projecting', 'round'] | CapStyle | None"  [arg-type]
src\neuraxis\analysis\figures.py:189: error: Argument 3 to "Line2D" has incompatible type "**dict[str, object]"; expected "Literal['miter', 'round', 'bevel'] | JoinStyle | None"  [arg-type]
src\neuraxis\analysis\figures.py:189: error: Argument 3 to "Line2D" has incompatible type "**dict[str, object]"; expected "float"  [arg-type]
src\neuraxis\analysis\figures.py:189: error: Argument 3 to "Line2D" has incompatible type "**dict[str, object]"; expected "Literal['default', 'steps', 'steps-pre', 'steps-mid', 'steps-post'] | None"  [arg-type]
src\neuraxis\analysis\figures.py:189: error: Argument 3 to "Line2D" has incompatible type "**dict[str, object]"; expected "int | tuple[int, int] | slice[Any, Any, Any] | list[int] | float | tuple[float, float] | list[bool] | None | None"  [arg-type]
src\neuraxis\mutations\references.py:77: error: Invalid index type "str | None" for "dict[str, tuple[str, str]]"; expected type "str"  [index]
src\neuraxis\mutations\references.py:79: error: Invalid index type "str | None" for "dict[str, tuple[str, str]]"; expected type "str"  [index]
src\neuraxis\mutations\numerical.py:28: error: Library stubs not installed for "lxml"  [import-untyped]
src\neuraxis\transforms\identifiers.py:27: error: Library stubs not installed for "lxml"  [import-untyped]
src\neuraxis\validation\trace_regression.py:103: error: Unsupported operand types for > ("float" and "None")  [operator]
src\neuraxis\validation\trace_regression.py:103: note: Right operand is of type "float | None"
src\neuraxis\validation\trace_regression.py:104: error: Argument 1 to "TraceDetection" has incompatible type "**dict[str, object]"; expected "str"  [arg-type]
src\neuraxis\validation\trace_regression.py:104: error: Argument 1 to "TraceDetection" has incompatible type "**dict[str, object]"; expected "int"  [arg-type]
src\neuraxis\validation\trace_regression.py:107: error: Argument 1 to "TraceDetection" has incompatible type "**dict[str, object]"; expected "str"  [arg-type]
src\neuraxis\validation\trace_regression.py:107: error: Argument 1 to "TraceDetection" has incompatible type "**dict[str, object]"; expected "int"  [arg-type]
src\neuraxis\validation\trace_regression.py:111: error: Unsupported operand types for > ("float" and "None")  [operator]
src\neuraxis\validation\trace_regression.py:111: note: Right operand is of type "float | None"
src\neuraxis\validation\trace_regression.py:112: error: Argument 1 to "TraceDetection" has incompatible type "**dict[str, object]"; expected "str"  [arg-type]
src\neuraxis\validation\trace_regression.py:112: error: Argument 1 to "TraceDetection" has incompatible type "**dict[str, object]"; expected "int"  [arg-type]
src\neuraxis\validation\structural.py:108: error: Skipping analyzing "neuroml.utils": module is installed, but missing library stubs or py.typed marker  [import-untyped]
src\neuraxis\validation\execution.py:202: error: "Simulator" has no attribute "version_string"; maybe "version_info"?  [attr-defined]
src\neuraxis\validation\execution.py:211: error: Skipping analyzing "efel": module is installed, but missing library stubs or py.typed marker  [import-untyped]
src\neuraxis\validation\execution.py:331: error: "Simulator" has no attribute "version_string"; maybe "version_info"?  [attr-defined]
src\neuraxis\validation\execution.py:382: error: Unexpected keyword argument "sample_every_ms" for "run_lems" of "Simulator"  [call-arg]
src\neuraxis\validation\execution.py:382: note: "run_lems" defined in "neuraxis.simulators.base"
src\neuraxis\validation\execution.py:416: error: Unexpected keyword argument "sample_every_ms" for "run_lems" of "Simulator"  [call-arg]
src\neuraxis\validation\execution.py:416: note: "run_lems" defined in "neuraxis.simulators.base"
src\neuraxis\validation\execution.py:467: error: "Simulator" has no attribute "version_string"; maybe "version_info"?  [attr-defined]
src\neuraxis\validation\canonical.py:18: error: Library stubs not installed for "lxml"  [import-untyped]
src\neuraxis\transforms\factoring.py:35: error: Library stubs not installed for "lxml"  [import-untyped]
src\neuraxis\validation\fingerprint.py:113: error: Incompatible types in assignment (expression has type "RheobaseResult", variable has type "RunRecord")  [assignment]
src\neuraxis\validation\fingerprint.py:115: error: "RunRecord" has no attribute "rheobase_nA"  [attr-defined]
src\neuraxis\orchestration\smoke.py:105: error: Argument 1 to "instantiate" of "ProtocolTemplate" has incompatible type "float | None"; expected "float"  [arg-type]
src\neuraxis\experiments\strata.py:162: error: Need type annotation for "primary" (hint: "primary: list[<type>] = ...")  [var-annotated]
src\neuraxis\experiments\strata.py:162: error: Need type annotation for "secondary" (hint: "secondary: list[<type>] = ...")  [var-annotated]
src\neuraxis\experiments\strata.py:216: error: Unsupported operand types for - ("float" and "None")  [operator]
src\neuraxis\experiments\strata.py:216: error: Unsupported operand types for - ("None" and "float")  [operator]
src\neuraxis\experiments\strata.py:216: error: Unsupported left operand type for - ("None")  [operator]
src\neuraxis\experiments\strata.py:216: note: Both left and right operands are unions
src\neuraxis\experiments\agent.py:47: error: Library stubs not installed for "yaml"  [import-untyped]
src\neuraxis\experiments\agent.py:47: note: Hint: "python3 -m pip install types-PyYAML"
src\neuraxis\experiments\agent.py:48: error: Library stubs not installed for "lxml"  [import-untyped]
src\neuraxis\experiments\agent.py:48: note: Hint: "python3 -m pip install lxml-stubs"
src\neuraxis\experiments\agent.py:1125: error: Incompatible types in assignment (expression has type "float", variable has type "Counter[Any]")  [assignment]
src\neuraxis\experiments\agent.py:1126: error: Unsupported left operand type for / ("Counter[Any]")  [operator]
src\neuraxis\experiments\agent.py:1126: error: Unsupported operand types for > ("Counter[Any]" and "int")  [operator]
src\neuraxis\experiments\pilot_outputs.py:313: error: Generator has incompatible item type "int"; expected "bool"  [misc]
src\neuraxis\experiments\pilot_outputs.py:313: error: Unsupported operand types for <= ("float" and "None")  [operator]
src\neuraxis\experiments\pilot_outputs.py:313: error: Unsupported operand types for >= ("float" and "None")  [operator]
src\neuraxis\experiments\pilot_outputs.py:313: error: Unsupported left operand type for <= ("None")  [operator]
src\neuraxis\experiments\pilot_outputs.py:313: note: Both left and right operands are unions
src\neuraxis\experiments\pilot_outputs.py:319: error: Need type annotation for "runtime"  [var-annotated]
src\neuraxis\experiments\pilot_outputs.py:319: error: Need type annotation for "status"  [var-annotated]
src\neuraxis\experiments\pilot_outputs.py:320: error: Need type annotation for "commits"  [var-annotated]
src\neuraxis\experiments\pilot_outputs.py:320: error: Need type annotation for "phases"  [var-annotated]
src\neuraxis\experiments\pilot_outputs.py:336: error: Need type annotation for "strat"  [var-annotated]
src\neuraxis\experiments\pilot_outputs.py:405: error: Need type annotation for "covered" (hint: "covered: set[<type>] = ...")  [var-annotated]
src\neuraxis\experiments\pilot_outputs.py:449: error: Argument 3 to "runtime_rows" has incompatible type "Path | None"; expected "Path"  [arg-type]
src\neuraxis\experiments\analyze.py:18: error: Library stubs not installed for "pandas"  [import-untyped]
src\neuraxis\experiments\campaign.py:182: error: Argument 1 to "instantiate" of "ProtocolTemplate" has incompatible type "float | None"; expected "float"  [arg-type]
src\neuraxis\experiments\campaign.py:187: error: Cannot infer type of lambda  [misc]
src\neuraxis\experiments\campaign.py:217: error: Argument 6 to "RefState" has incompatible type "float | None"; expected "float"  [arg-type]
src\neuraxis\experiments\campaign.py:221: error: Cannot infer type of lambda  [misc]
src\neuraxis\cli.py:26: error: Cannot find implementation or library stub for module named "fetch_models"  [import-not-found]
src\neuraxis\cli.py:26: note: See https://mypy.readthedocs.io/en/stable/running_mypy.html#missing-imports
src\neuraxis\cli.py:142: error: Cannot find implementation or library stub for module named "smoke_jnml"  [import-not-found]
src\neuraxis\experiments\pilot_v2_outputs.py:48: error: Cannot infer type of lambda  [misc]
Found 119 errors in 34 files (checked 64 source files)

--- stderr ---

